// Jest Snapshot v1, https://goo.gl/fbAQLP

exports[`Animate should render keyframes 1`] = `
@keyframes animation-0 {
  0% {
    opacity: 0;
  }

  100% {
    opacity: 1;
  }
}

.emotion-0 {
  background-color: #000000;
  height: 100vh;
  width: 100vw;
  -webkit-animation-name: animation-0;
  animation-name: animation-0;
}

<div>
  <div
    class="emotion-0"
  />
</div>
`;
