// Jest Snapshot v1, https://goo.gl/fbAQLP

exports[`ComponentWithParameter renders 1`] = `
.emotion-0 {
  width: 16px;
  height: 16px;
}

<div>
  <svg
    class="emotion-0"
  />
</div>
`;
